==29088== Memcheck, a memory error detector
==29088== Copyright (C) 2002-2017, and GNU GPL'd, by Julian Seward et al.
==29088== Using Valgrind-3.18.1 and LibVEX; rerun with -h for copyright info
==29088== Command: ./smartclock_debug
==29088== 
ssd1306: Failed to open I2C device: No such file or directory
[main] Warning: SSD1306 OLED initialization failed at /dev/i2c-1
Successfully initialized wpa_supplicant
Failed to open config file '/etc/wpa_supplicant/softap.conf', error: No such file or directory
Failed to read or parse configuration '/etc/wpa_supplicant/softap.conf'.
: CTRL-EVENT-DSCP-POLICY clear_all
====================================================
   SMART WEATHER ALARM CLOCK (Project 2 Engine)     
====================================================
[main] No Wi-Fi profile found. Starting Soft AP mode...
[btn_thread] Opening button device node: /dev/btn_driver...
[clock_thread] Monotonic timer started (1s tick interval).
[webserver] Embedded Webserver listening on port 8080...
[weather_thread] Worker thread started.
[buzzer_thread] Buzzer controller thread started.
[smartconfig] Transitioning to Soft AP mode via wpa_supplicant...
[smartconfig:exec] mkdir
[smartconfig:exec] rfkill
[smartconfig:exec] killall
[smartconfig:exec] ifconfig
[smartconfig:exec] ifconfig
[smartconfig:exec] wpa_supplicant
[smartconfig:exec] touch
[smartconfig:exec] udhcpd
==29114== 
==29114== HEAP SUMMARY:
==29114==     in use at exit: 272 bytes in 1 blocks
==29114==   total heap usage: 12 allocs, 11 frees, 8,288 bytes allocated
==29114== 
==29114== 272 bytes in 1 blocks are possibly lost in loss record 1 of 1
==29114==    at 0x484DA83: calloc (in /usr/libexec/valgrind/vgpreload_memcheck-amd64-linux.so)
==29114==    by 0x40147D9: calloc (rtld-malloc.h:44)
==29114==    by 0x40147D9: allocate_dtv (dl-tls.c:375)
==29114==    by 0x40147D9: _dl_allocate_tls (dl-tls.c:634)
==29114==    by 0x4900774: allocate_stack (allocatestack.c:430)
==29114==    by 0x4900774: pthread_create@@GLIBC_2.34 (pthread_create.c:647)
==29114==    by 0x10B1B4: main (main.c:255)
==29114== 
==29114== LEAK SUMMARY:
==29114==    definitely lost: 0 bytes in 0 blocks
==29114==    indirectly lost: 0 bytes in 0 blocks
==29114==      possibly lost: 272 bytes in 1 blocks
==29114==    still reachable: 0 bytes in 0 blocks
==29114==         suppressed: 0 bytes in 0 blocks
==29114== 
==29114== For lists of detected and suppressed errors, rerun with: -s
==29114== ERROR SUMMARY: 1 errors from 1 contexts (suppressed: 0 from 0)
